Loading existing folds from disk...
Running fold 4 only

==================================================
Training fold 4
==================================================
Training on 58268 samples...
Epoch 1/250 - Train Loss: 1.2247 - Val Loss: 1.0525 - LR: 1.14e-04
Epoch 2/250 - Train Loss: 1.0210 - Val Loss: 0.9066 - LR: 2.29e-04
Epoch 3/250 - Train Loss: 0.9226 - Val Loss: 0.8454 - LR: 3.43e-04
Epoch 4/250 - Train Loss: 0.8728 - Val Loss: 0.8083 - LR: 4.57e-04
Epoch 5/250 - Train Loss: 0.8353 - Val Loss: 0.7712 - LR: 5.71e-04
Epoch 6/250 - Train Loss: 0.7972 - Val Loss: 0.7370 - LR: 6.86e-04
Epoch 7/250 - Train Loss: 0.7658 - Val Loss: 0.7138 - LR: 8.00e-04
Epoch 8/250 - Train Loss: 0.7421 - Val Loss: 0.6954 - LR: 9.14e-04
Epoch 9/250 - Train Loss: 0.7222 - Val Loss: 0.6825 - LR: 1.03e-03
Epoch 10/250 - Train Loss: 0.7028 - Val Loss: 0.6664 - LR: 1.14e-03
Epoch 11/250 - Train Loss: 0.6867 - Val Loss: 0.6539 - LR: 1.26e-03
Epoch 12/250 - Train Loss: 0.6724 - Val Loss: 0.6475 - LR: 1.37e-03
Epoch 13/250 - Train Loss: 0.6636 - Val Loss: 0.6384 - LR: 1.49e-03
Epoch 14/250 - Train Loss: 0.6577 - Val Loss: 0.6356 - LR: 1.60e-03
Epoch 15/250 - Train Loss: 0.6530 - Val Loss: 0.6345 - LR: 1.71e-03
Epoch 16/250 - Train Loss: 0.6457 - Val Loss: 0.6293 - LR: 1.83e-03
Epoch 17/250 - Train Loss: 0.6391 - Val Loss: 0.6176 - LR: 1.94e-03
Epoch 18/250 - Train Loss: 0.6239 - Val Loss: 0.5979 - LR: 2.06e-03
Epoch 19/250 - Train Loss: 0.6126 - Val Loss: 0.5959 - LR: 2.17e-03
Epoch 20/250 - Train Loss: 0.6149 - Val Loss: 0.5954 - LR: 2.29e-03
Epoch 21/250 - Train Loss: 0.6186 - Val Loss: 0.5993 - LR: 2.40e-03
Epoch 22/250 - Train Loss: 0.6080 - Val Loss: 0.5844 - LR: 2.51e-03
Epoch 23/250 - Train Loss: 0.5969 - Val Loss: 0.5733 - LR: 2.63e-03
Epoch 24/250 - Train Loss: 0.5883 - Val Loss: 0.5697 - LR: 2.74e-03
Epoch 25/250 - Train Loss: 0.5821 - Val Loss: 0.5563 - LR: 2.86e-03
Epoch 26/250 - Train Loss: 0.5704 - Val Loss: 0.5445 - LR: 2.97e-03
Epoch 27/250 - Train Loss: 0.5605 - Val Loss: 0.5391 - LR: 3.09e-03
Epoch 28/250 - Train Loss: 0.5494 - Val Loss: 0.5294 - LR: 3.20e-03
Epoch 29/250 - Train Loss: 0.5387 - Val Loss: 0.5162 - LR: 3.31e-03
Epoch 30/250 - Train Loss: 0.5300 - Val Loss: 0.5076 - LR: 3.43e-03
Epoch 31/250 - Train Loss: 0.5258 - Val Loss: 0.5035 - LR: 3.54e-03
Epoch 32/250 - Train Loss: 0.5153 - Val Loss: 0.4944 - LR: 3.66e-03
Epoch 33/250 - Train Loss: 0.5057 - Val Loss: 0.4844 - LR: 3.77e-03
Epoch 34/250 - Train Loss: 0.4992 - Val Loss: 0.4798 - LR: 3.89e-03
Epoch 35/250 - Train Loss: 0.4924 - Val Loss: 0.4749 - LR: 4.00e-03
Epoch 36/250 - Train Loss: 0.4909 - Val Loss: 0.4752 - LR: 4.11e-03
Epoch 37/250 - Train Loss: 0.4850 - Val Loss: 0.4667 - LR: 4.23e-03
Epoch 38/250 - Train Loss: 0.4802 - Val Loss: 0.4614 - LR: 4.34e-03
Epoch 39/250 - Train Loss: 0.4763 - Val Loss: 0.4567 - LR: 4.46e-03
Epoch 40/250 - Train Loss: 0.4709 - Val Loss: 0.4542 - LR: 4.57e-03
Epoch 41/250 - Train Loss: 0.4651 - Val Loss: 0.4494 - LR: 4.69e-03
Epoch 42/250 - Train Loss: 0.4606 - Val Loss: 0.4488 - LR: 4.80e-03
Epoch 43/250 - Train Loss: 0.4632 - Val Loss: 0.4425 - LR: 4.91e-03
Epoch 44/250 - Train Loss: 0.4591 - Val Loss: 0.4372 - LR: 5.03e-03
Epoch 45/250 - Train Loss: 0.4496 - Val Loss: 0.4325 - LR: 5.14e-03
Epoch 46/250 - Train Loss: 0.4445 - Val Loss: 0.4265 - LR: 5.26e-03
Epoch 47/250 - Train Loss: 0.4449 - Val Loss: 0.4264 - LR: 5.37e-03
Epoch 48/250 - Train Loss: 0.4413 - Val Loss: 0.4265 - LR: 5.49e-03
Epoch 49/250 - Train Loss: 0.4379 - Val Loss: 0.4203 - LR: 5.60e-03
Epoch 50/250 - Train Loss: 0.4342 - Val Loss: 0.4195 - LR: 5.71e-03
Epoch 51/250 - Train Loss: 0.4337 - Val Loss: 0.4146 - LR: 5.83e-03
Epoch 52/250 - Train Loss: 0.4333 - Val Loss: 0.4177 - LR: 5.94e-03
Epoch 53/250 - Train Loss: 0.4354 - Val Loss: 0.4260 - LR: 6.06e-03
Epoch 54/250 - Train Loss: 0.4424 - Val Loss: 0.4154 - LR: 6.17e-03
Epoch 55/250 - Train Loss: 0.4347 - Val Loss: 0.4114 - LR: 6.29e-03
Epoch 56/250 - Train Loss: 0.4397 - Val Loss: 0.4276 - LR: 6.40e-03
Epoch 57/250 - Train Loss: 0.4421 - Val Loss: 0.4131 - LR: 6.51e-03
Epoch 58/250 - Train Loss: 0.4415 - Val Loss: 0.4231 - LR: 6.63e-03
Epoch 59/250 - Train Loss: 0.4413 - Val Loss: 0.4174 - LR: 6.74e-03
Epoch 60/250 - Train Loss: 0.4403 - Val Loss: 0.4153 - LR: 6.86e-03
Epoch 61/250 - Train Loss: 0.4346 - Val Loss: 0.4098 - LR: 6.97e-03
Epoch 62/250 - Train Loss: 0.4329 - Val Loss: 0.4110 - LR: 7.09e-03
Epoch 63/250 - Train Loss: 0.4336 - Val Loss: 0.4074 - LR: 7.20e-03
Epoch 64/250 - Train Loss: 0.4404 - Val Loss: 0.4214 - LR: 7.31e-03
Epoch 65/250 - Train Loss: 0.4480 - Val Loss: 0.4371 - LR: 7.43e-03
Epoch 66/250 - Train Loss: 0.4570 - Val Loss: 0.4289 - LR: 7.54e-03
Epoch 67/250 - Train Loss: 0.4582 - Val Loss: 0.4275 - LR: 7.66e-03
Epoch 68/250 - Train Loss: 0.4509 - Val Loss: 0.4216 - LR: 7.77e-03
Epoch 69/250 - Train Loss: 0.4481 - Val Loss: 0.4163 - LR: 7.89e-03
Epoch 70/250 - Train Loss: 0.4416 - Val Loss: 0.4155 - LR: 8.00e-03
Epoch 71/250 - Train Loss: 0.4452 - Val Loss: 0.4158 - LR: 8.00e-03
Epoch 72/250 - Train Loss: 0.4358 - Val Loss: 0.4131 - LR: 8.00e-03
Epoch 73/250 - Train Loss: 0.4321 - Val Loss: 0.4056 - LR: 8.00e-03
Epoch 74/250 - Train Loss: 0.4269 - Val Loss: 0.4025 - LR: 7.99e-03
Epoch 75/250 - Train Loss: 0.4233 - Val Loss: 0.4014 - LR: 7.99e-03
Epoch 76/250 - Train Loss: 0.4214 - Val Loss: 0.4006 - LR: 7.98e-03
Epoch 77/250 - Train Loss: 0.4208 - Val Loss: 0.4045 - LR: 7.98e-03
Epoch 78/250 - Train Loss: 0.4193 - Val Loss: 0.3971 - LR: 7.97e-03
Epoch 79/250 - Train Loss: 0.4155 - Val Loss: 0.3951 - LR: 7.96e-03
Epoch 80/250 - Train Loss: 0.4220 - Val Loss: 0.3983 - LR: 7.95e-03
Epoch 81/250 - Train Loss: 0.4262 - Val Loss: 0.4028 - LR: 7.94e-03
Epoch 82/250 - Train Loss: 0.4344 - Val Loss: 0.4061 - LR: 7.93e-03
Epoch 83/250 - Train Loss: 0.4279 - Val Loss: 0.4022 - LR: 7.91e-03
Epoch 84/250 - Train Loss: 0.4221 - Val Loss: 0.3960 - LR: 7.90e-03
Epoch 85/250 - Train Loss: 0.4157 - Val Loss: 0.3979 - LR: 7.88e-03
Epoch 86/250 - Train Loss: 0.4130 - Val Loss: 0.3925 - LR: 7.86e-03
Epoch 87/250 - Train Loss: 0.4115 - Val Loss: 0.3915 - LR: 7.85e-03
Epoch 88/250 - Train Loss: 0.4105 - Val Loss: 0.3906 - LR: 7.83e-03
Epoch 89/250 - Train Loss: 0.4085 - Val Loss: 0.3923 - LR: 7.80e-03
Epoch 90/250 - Train Loss: 0.4086 - Val Loss: 0.3912 - LR: 7.78e-03
Epoch 91/250 - Train Loss: 0.4107 - Val Loss: 0.3890 - LR: 7.76e-03
Epoch 92/250 - Train Loss: 0.4070 - Val Loss: 0.3871 - LR: 7.73e-03
Epoch 93/250 - Train Loss: 0.4076 - Val Loss: 0.3879 - LR: 7.71e-03
Epoch 94/250 - Train Loss: 0.4087 - Val Loss: 0.3917 - LR: 7.68e-03
Epoch 95/250 - Train Loss: 0.4072 - Val Loss: 0.3877 - LR: 7.65e-03
Epoch 96/250 - Train Loss: 0.4058 - Val Loss: 0.3887 - LR: 7.63e-03
Epoch 97/250 - Train Loss: 0.4077 - Val Loss: 0.3875 - LR: 7.60e-03
Epoch 98/250 - Train Loss: 0.4059 - Val Loss: 0.3856 - LR: 7.56e-03
Epoch 99/250 - Train Loss: 0.4039 - Val Loss: 0.3867 - LR: 7.53e-03
Epoch 100/250 - Train Loss: 0.4042 - Val Loss: 0.3868 - LR: 7.50e-03
Epoch 101/250 - Train Loss: 0.4011 - Val Loss: 0.3827 - LR: 7.46e-03
Epoch 102/250 - Train Loss: 0.4013 - Val Loss: 0.3830 - LR: 7.43e-03
Epoch 103/250 - Train Loss: 0.3998 - Val Loss: 0.3833 - LR: 7.39e-03
Epoch 104/250 - Train Loss: 0.3985 - Val Loss: 0.3824 - LR: 7.35e-03
Epoch 105/250 - Train Loss: 0.4004 - Val Loss: 0.3825 - LR: 7.32e-03
Epoch 106/250 - Train Loss: 0.4046 - Val Loss: 0.3912 - LR: 7.28e-03
Epoch 107/250 - Train Loss: 0.4073 - Val Loss: 0.3872 - LR: 7.24e-03
Epoch 108/250 - Train Loss: 0.4040 - Val Loss: 0.3831 - LR: 7.19e-03
Epoch 109/250 - Train Loss: 0.4033 - Val Loss: 0.3857 - LR: 7.15e-03
Epoch 110/250 - Train Loss: 0.4029 - Val Loss: 0.3832 - LR: 7.11e-03
Epoch 111/250 - Train Loss: 0.3995 - Val Loss: 0.3796 - LR: 7.06e-03
Epoch 112/250 - Train Loss: 0.3988 - Val Loss: 0.3806 - LR: 7.02e-03
Epoch 113/250 - Train Loss: 0.4003 - Val Loss: 0.3808 - LR: 6.97e-03
Epoch 114/250 - Train Loss: 0.3996 - Val Loss: 0.3825 - LR: 6.93e-03
Epoch 115/250 - Train Loss: 0.3986 - Val Loss: 0.3791 - LR: 6.88e-03
Epoch 116/250 - Train Loss: 0.3981 - Val Loss: 0.3800 - LR: 6.83e-03
Epoch 117/250 - Train Loss: 0.3971 - Val Loss: 0.3776 - LR: 6.78e-03
Epoch 118/250 - Train Loss: 0.3936 - Val Loss: 0.3769 - LR: 6.73e-03
Epoch 119/250 - Train Loss: 0.3974 - Val Loss: 0.3783 - LR: 6.68e-03
Epoch 120/250 - Train Loss: 0.4012 - Val Loss: 0.3824 - LR: 6.62e-03
Epoch 121/250 - Train Loss: 0.3991 - Val Loss: 0.3805 - LR: 6.57e-03
Epoch 122/250 - Train Loss: 0.3968 - Val Loss: 0.3776 - LR: 6.52e-03
Epoch 123/250 - Train Loss: 0.3953 - Val Loss: 0.3775 - LR: 6.46e-03
Epoch 124/250 - Train Loss: 0.3978 - Val Loss: 0.3791 - LR: 6.41e-03
Epoch 125/250 - Train Loss: 0.3990 - Val Loss: 0.3810 - LR: 6.35e-03
Epoch 126/250 - Train Loss: 0.4004 - Val Loss: 0.3786 - LR: 6.29e-03
Epoch 127/250 - Train Loss: 0.4007 - Val Loss: 0.3841 - LR: 6.24e-03
Epoch 128/250 - Train Loss: 0.3984 - Val Loss: 0.3782 - LR: 6.18e-03
Epoch 129/250 - Train Loss: 0.3962 - Val Loss: 0.3770 - LR: 6.12e-03
Epoch 130/250 - Train Loss: 0.3951 - Val Loss: 0.3780 - LR: 6.06e-03
Epoch 131/250 - Train Loss: 0.3933 - Val Loss: 0.3753 - LR: 6.00e-03
Epoch 132/250 - Train Loss: 0.3930 - Val Loss: 0.3763 - LR: 5.94e-03
Epoch 133/250 - Train Loss: 0.3960 - Val Loss: 0.3791 - LR: 5.88e-03
Epoch 134/250 - Train Loss: 0.3970 - Val Loss: 0.3798 - LR: 5.82e-03
Epoch 135/250 - Train Loss: 0.3949 - Val Loss: 0.3773 - LR: 5.75e-03
Epoch 136/250 - Train Loss: 0.3942 - Val Loss: 0.3780 - LR: 5.69e-03
Epoch 137/250 - Train Loss: 0.4009 - Val Loss: 0.3814 - LR: 5.63e-03
Epoch 138/250 - Train Loss: 0.3993 - Val Loss: 0.3787 - LR: 5.56e-03
Epoch 139/250 - Train Loss: 0.3977 - Val Loss: 0.3763 - LR: 5.50e-03
Epoch 140/250 - Train Loss: 0.3944 - Val Loss: 0.3763 - LR: 5.43e-03
Epoch 141/250 - Train Loss: 0.3979 - Val Loss: 0.3770 - LR: 5.37e-03
Epoch 142/250 - Train Loss: 0.3958 - Val Loss: 0.3767 - LR: 5.30e-03
Epoch 143/250 - Train Loss: 0.3931 - Val Loss: 0.3747 - LR: 5.24e-03
Epoch 144/250 - Train Loss: 0.3912 - Val Loss: 0.3745 - LR: 5.17e-03
Epoch 145/250 - Train Loss: 0.3910 - Val Loss: 0.3735 - LR: 5.10e-03
Epoch 146/250 - Train Loss: 0.3900 - Val Loss: 0.3730 - LR: 5.04e-03
Epoch 147/250 - Train Loss: 0.3894 - Val Loss: 0.3724 - LR: 4.97e-03
Epoch 148/250 - Train Loss: 0.3889 - Val Loss: 0.3731 - LR: 4.90e-03
Epoch 149/250 - Train Loss: 0.3872 - Val Loss: 0.3719 - LR: 4.83e-03
Epoch 150/250 - Train Loss: 0.3862 - Val Loss: 0.3706 - LR: 4.76e-03
Epoch 151/250 - Train Loss: 0.3863 - Val Loss: 0.3720 - LR: 4.69e-03
Epoch 152/250 - Train Loss: 0.3867 - Val Loss: 0.3716 - LR: 4.63e-03
Epoch 153/250 - Train Loss: 0.3878 - Val Loss: 0.3715 - LR: 4.56e-03
Epoch 154/250 - Train Loss: 0.3873 - Val Loss: 0.3707 - LR: 4.49e-03
Epoch 155/250 - Train Loss: 0.3853 - Val Loss: 0.3697 - LR: 4.42e-03
Epoch 156/250 - Train Loss: 0.3843 - Val Loss: 0.3695 - LR: 4.35e-03
Epoch 157/250 - Train Loss: 0.3835 - Val Loss: 0.3694 - LR: 4.28e-03
Epoch 158/250 - Train Loss: 0.3833 - Val Loss: 0.3688 - LR: 4.21e-03
Epoch 159/250 - Train Loss: 0.3836 - Val Loss: 0.3698 - LR: 4.14e-03
Epoch 160/250 - Train Loss: 0.3835 - Val Loss: 0.3691 - LR: 4.07e-03
Epoch 161/250 - Train Loss: 0.3827 - Val Loss: 0.3683 - LR: 4.00e-03
Epoch 162/250 - Train Loss: 0.3818 - Val Loss: 0.3680 - LR: 3.93e-03
Epoch 163/250 - Train Loss: 0.3810 - Val Loss: 0.3683 - LR: 3.86e-03
Epoch 164/250 - Train Loss: 0.3798 - Val Loss: 0.3676 - LR: 3.79e-03
Epoch 165/250 - Train Loss: 0.3797 - Val Loss: 0.3673 - LR: 3.72e-03
Epoch 166/250 - Train Loss: 0.3793 - Val Loss: 0.3664 - LR: 3.65e-03
Epoch 167/250 - Train Loss: 0.3789 - Val Loss: 0.3654 - LR: 3.58e-03
Epoch 168/250 - Train Loss: 0.3783 - Val Loss: 0.3655 - LR: 3.51e-03
Epoch 169/250 - Train Loss: 0.3780 - Val Loss: 0.3655 - LR: 3.44e-03
Epoch 170/250 - Train Loss: 0.3780 - Val Loss: 0.3659 - LR: 3.37e-03
Epoch 171/250 - Train Loss: 0.3770 - Val Loss: 0.3650 - LR: 3.31e-03
Epoch 172/250 - Train Loss: 0.3767 - Val Loss: 0.3655 - LR: 3.24e-03
Epoch 173/250 - Train Loss: 0.3764 - Val Loss: 0.3647 - LR: 3.17e-03
Epoch 174/250 - Train Loss: 0.3755 - Val Loss: 0.3641 - LR: 3.10e-03
Epoch 175/250 - Train Loss: 0.3750 - Val Loss: 0.3646 - LR: 3.03e-03
Epoch 176/250 - Train Loss: 0.3751 - Val Loss: 0.3639 - LR: 2.96e-03
Epoch 177/250 - Train Loss: 0.3746 - Val Loss: 0.3640 - LR: 2.90e-03
Epoch 178/250 - Train Loss: 0.3745 - Val Loss: 0.3635 - LR: 2.83e-03
Epoch 179/250 - Train Loss: 0.3747 - Val Loss: 0.3638 - LR: 2.76e-03
Epoch 180/250 - Train Loss: 0.3738 - Val Loss: 0.3641 - LR: 2.70e-03
Epoch 181/250 - Train Loss: 0.3729 - Val Loss: 0.3627 - LR: 2.63e-03
Epoch 182/250 - Train Loss: 0.3726 - Val Loss: 0.3628 - LR: 2.57e-03
Epoch 183/250 - Train Loss: 0.3725 - Val Loss: 0.3628 - LR: 2.50e-03
Epoch 184/250 - Train Loss: 0.3725 - Val Loss: 0.3620 - LR: 2.44e-03
Epoch 185/250 - Train Loss: 0.3719 - Val Loss: 0.3623 - LR: 2.37e-03
Epoch 186/250 - Train Loss: 0.3720 - Val Loss: 0.3616 - LR: 2.31e-03
Epoch 187/250 - Train Loss: 0.3714 - Val Loss: 0.3622 - LR: 2.25e-03
Epoch 188/250 - Train Loss: 0.3711 - Val Loss: 0.3614 - LR: 2.18e-03
Epoch 189/250 - Train Loss: 0.3704 - Val Loss: 0.3610 - LR: 2.12e-03
Epoch 190/250 - Train Loss: 0.3701 - Val Loss: 0.3610 - LR: 2.06e-03
Epoch 191/250 - Train Loss: 0.3695 - Val Loss: 0.3610 - LR: 2.00e-03
Epoch 192/250 - Train Loss: 0.3696 - Val Loss: 0.3612 - LR: 1.94e-03
Epoch 193/250 - Train Loss: 0.3691 - Val Loss: 0.3610 - LR: 1.88e-03
Epoch 194/250 - Train Loss: 0.3689 - Val Loss: 0.3608 - LR: 1.82e-03
Epoch 195/250 - Train Loss: 0.3683 - Val Loss: 0.3605 - LR: 1.76e-03
Epoch 196/250 - Train Loss: 0.3682 - Val Loss: 0.3601 - LR: 1.71e-03
Epoch 197/250 - Train Loss: 0.3681 - Val Loss: 0.3600 - LR: 1.65e-03
Epoch 198/250 - Train Loss: 0.3678 - Val Loss: 0.3598 - LR: 1.59e-03
Epoch 199/250 - Train Loss: 0.3679 - Val Loss: 0.3598 - LR: 1.54e-03
Epoch 200/250 - Train Loss: 0.3674 - Val Loss: 0.3595 - LR: 1.48e-03
Epoch 201/250 - Train Loss: 0.3672 - Val Loss: 0.3595 - LR: 1.43e-03
Epoch 202/250 - Train Loss: 0.3669 - Val Loss: 0.3598 - LR: 1.38e-03
Epoch 203/250 - Train Loss: 0.3668 - Val Loss: 0.3596 - LR: 1.32e-03
Epoch 204/250 - Train Loss: 0.3665 - Val Loss: 0.3589 - LR: 1.27e-03
Epoch 205/250 - Train Loss: 0.3665 - Val Loss: 0.3593 - LR: 1.22e-03
Epoch 206/250 - Train Loss: 0.3662 - Val Loss: 0.3591 - LR: 1.17e-03
Epoch 207/250 - Train Loss: 0.3660 - Val Loss: 0.3588 - LR: 1.12e-03
Epoch 208/250 - Train Loss: 0.3656 - Val Loss: 0.3584 - LR: 1.07e-03
Epoch 209/250 - Train Loss: 0.3655 - Val Loss: 0.3586 - LR: 1.03e-03
Epoch 210/250 - Train Loss: 0.3652 - Val Loss: 0.3582 - LR: 9.81e-04
Epoch 211/250 - Train Loss: 0.3649 - Val Loss: 0.3582 - LR: 9.36e-04
Epoch 212/250 - Train Loss: 0.3647 - Val Loss: 0.3581 - LR: 8.91e-04
Epoch 213/250 - Train Loss: 0.3647 - Val Loss: 0.3579 - LR: 8.48e-04
Epoch 214/250 - Train Loss: 0.3645 - Val Loss: 0.3580 - LR: 8.05e-04
Epoch 215/250 - Train Loss: 0.3644 - Val Loss: 0.3581 - LR: 7.64e-04
Epoch 216/250 - Train Loss: 0.3641 - Val Loss: 0.3581 - LR: 7.23e-04
Epoch 217/250 - Train Loss: 0.3638 - Val Loss: 0.3579 - LR: 6.84e-04
Epoch 218/250 - Train Loss: 0.3638 - Val Loss: 0.3577 - LR: 6.45e-04
Epoch 219/250 - Train Loss: 0.3636 - Val Loss: 0.3575 - LR: 6.08e-04
Epoch 220/250 - Train Loss: 0.3637 - Val Loss: 0.3578 - LR: 5.71e-04
Epoch 221/250 - Train Loss: 0.3635 - Val Loss: 0.3576 - LR: 5.36e-04
Epoch 222/250 - Train Loss: 0.3633 - Val Loss: 0.3574 - LR: 5.02e-04
Epoch 223/250 - Train Loss: 0.3631 - Val Loss: 0.3573 - LR: 4.68e-04
Epoch 224/250 - Train Loss: 0.3630 - Val Loss: 0.3574 - LR: 4.36e-04
Epoch 225/250 - Train Loss: 0.3628 - Val Loss: 0.3573 - LR: 4.05e-04
Epoch 226/250 - Train Loss: 0.3628 - Val Loss: 0.3575 - LR: 3.75e-04
Epoch 227/250 - Train Loss: 0.3627 - Val Loss: 0.3573 - LR: 3.46e-04
Epoch 228/250 - Train Loss: 0.3626 - Val Loss: 0.3570 - LR: 3.18e-04
Epoch 229/250 - Train Loss: 0.3625 - Val Loss: 0.3570 - LR: 2.91e-04
Epoch 230/250 - Train Loss: 0.3625 - Val Loss: 0.3570 - LR: 2.66e-04
Epoch 231/250 - Train Loss: 0.3623 - Val Loss: 0.3569 - LR: 2.41e-04
Epoch 232/250 - Train Loss: 0.3623 - Val Loss: 0.3568 - LR: 2.18e-04
Epoch 233/250 - Train Loss: 0.3623 - Val Loss: 0.3569 - LR: 1.96e-04
Epoch 234/250 - Train Loss: 0.3622 - Val Loss: 0.3567 - LR: 1.75e-04
Epoch 235/250 - Train Loss: 0.3621 - Val Loss: 0.3568 - LR: 1.55e-04
Epoch 236/250 - Train Loss: 0.3619 - Val Loss: 0.3568 - LR: 1.36e-04
Epoch 237/250 - Train Loss: 0.3620 - Val Loss: 0.3568 - LR: 1.19e-04
Epoch 238/250 - Train Loss: 0.3619 - Val Loss: 0.3567 - LR: 1.03e-04
Epoch 239/250 - Train Loss: 0.3620 - Val Loss: 0.3567 - LR: 8.74e-05
Epoch 240/250 - Train Loss: 0.3621 - Val Loss: 0.3567 - LR: 7.35e-05
Epoch 241/250 - Train Loss: 0.3619 - Val Loss: 0.3566 - LR: 6.08e-05
Epoch 242/250 - Train Loss: 0.3617 - Val Loss: 0.3566 - LR: 4.92e-05
Epoch 243/250 - Train Loss: 0.3617 - Val Loss: 0.3567 - LR: 3.89e-05
Epoch 244/250 - Train Loss: 0.3618 - Val Loss: 0.3566 - LR: 2.98e-05
Epoch 245/250 - Train Loss: 0.3617 - Val Loss: 0.3566 - LR: 2.19e-05
Epoch 246/250 - Train Loss: 0.3615 - Val Loss: 0.3566 - LR: 1.52e-05
Epoch 247/250 - Train Loss: 0.3616 - Val Loss: 0.3566 - LR: 9.74e-06
Epoch 248/250 - Train Loss: 0.3617 - Val Loss: 0.3566 - LR: 5.48e-06
Epoch 249/250 - Train Loss: 0.3619 - Val Loss: 0.3566 - LR: 2.44e-06
Epoch 250/250 - Train Loss: 0.3617 - Val Loss: 0.3566 - LR: 6.09e-07
/athena/cayuga_0019/scratch/ssl4003/sequential_drug_combination/pairwise/pairwise/sequential_drug_prediction/pipeline.py:164: FutureWarning: You are using `torch.load` with `weights_only=False` (the current default value), which uses the default pickle module implicitly. It is possible to construct malicious pickle data which will execute arbitrary code during unpickling (See https://github.com/pytorch/pytorch/blob/main/SECURITY.md#untrusted-models for more details). In a future release, the default value for `weights_only` will be flipped to `True`. This limits the functions that could be executed during unpickling. Arbitrary objects will no longer be allowed to be loaded via this mode unless they are explicitly allowlisted by the user via `torch.serialization.add_safe_globals`. We recommend you start setting `weights_only=True` for any use case where you don't have full control of the loaded file. Please open an issue on GitHub for any issues related to this experimental feature.
  model.load_state_dict(torch.load(model_path, map_location=device))
Mean PCC: 0.6998 ± 0.1906
Median PCC: 0.7525
Mean Spearman: 0.6873 ± 0.1912
Mean R²: 0.4693 ± 0.3156
RMSE: 0.5311
Mean Most Upregulated 20 Genes: 0.4366 ± 0.1861
Mean Most Downregulated 20 Genes: 0.3771 ± 0.1708
Fold 4 test PCC: 0.6998 ± 0.1906
Fold 4 test Spearman: 0.6873 ± 0.1912
Fold 4 test R²: 0.4693 ± 0.3156
Fold 4 test RMSE: 0.5311
Fold 4 test Most Upregulated 20 Genes Precision@20:   0.4366 ± 0.1861
Fold 4 test Most Downregulated 20 Genes Precision@20: 0.3771 ± 0.1708
Saved fold 4 results to /athena/angsd/scratch/ssl4003/sequential_drug_combination/pairwise/pairwise/sequential_drug_prediction/best_models_parallel_double_lr/results_fold_4.pkl
