Loading existing folds from disk...
Running hyperparameter search...
[I 2026-04-20 21:02:19,479] Using an existing study with name 'hyperparameter_search' instead of creating a new one.
Epoch 1/100 - Train Loss: 3.1167 - Val Loss: 0.7854
Epoch 2/100 - Train Loss: 0.7873 - Val Loss: 0.7085
Epoch 3/100 - Train Loss: 0.7476 - Val Loss: 0.7104
Epoch 4/100 - Train Loss: 0.7563 - Val Loss: 0.6922
Epoch 5/100 - Train Loss: 0.7373 - Val Loss: 0.6789
Epoch 6/100 - Train Loss: 0.7184 - Val Loss: 0.6740
Epoch 7/100 - Train Loss: 0.7085 - Val Loss: 0.6627
Epoch 8/100 - Train Loss: 0.6884 - Val Loss: 0.6537
Epoch 9/100 - Train Loss: 0.6881 - Val Loss: 0.6727
Epoch 10/100 - Train Loss: 0.7005 - Val Loss: 0.6563
Epoch 11/100 - Train Loss: 0.6777 - Val Loss: 0.6390
Epoch 12/100 - Train Loss: 0.6562 - Val Loss: 0.6147
Epoch 13/100 - Train Loss: 0.6384 - Val Loss: 0.6109
Epoch 14/100 - Train Loss: 0.6261 - Val Loss: 0.5943
Epoch 15/100 - Train Loss: 0.6181 - Val Loss: 0.5862
Epoch 16/100 - Train Loss: 0.6103 - Val Loss: 0.5800
Epoch 17/100 - Train Loss: 0.6040 - Val Loss: 0.5762
Epoch 18/100 - Train Loss: 0.5987 - Val Loss: 0.5714
Epoch 19/100 - Train Loss: 0.5923 - Val Loss: 0.5672
Epoch 20/100 - Train Loss: 0.5868 - Val Loss: 0.5618
Epoch 21/100 - Train Loss: 0.5799 - Val Loss: 0.5559
Epoch 22/100 - Train Loss: 0.5789 - Val Loss: 0.5544
Epoch 23/100 - Train Loss: 0.5697 - Val Loss: 0.5484
Epoch 24/100 - Train Loss: 0.5642 - Val Loss: 0.5430
Epoch 25/100 - Train Loss: 0.5573 - Val Loss: 0.5377
Epoch 26/100 - Train Loss: 0.5519 - Val Loss: 0.5317
Epoch 27/100 - Train Loss: 0.5444 - Val Loss: 0.5264
Epoch 28/100 - Train Loss: 0.5396 - Val Loss: 0.5219
Epoch 29/100 - Train Loss: 0.5331 - Val Loss: 0.5153
Epoch 30/100 - Train Loss: 0.5270 - Val Loss: 0.5082
Epoch 31/100 - Train Loss: 0.5195 - Val Loss: 0.5025
Epoch 32/100 - Train Loss: 0.5105 - Val Loss: 0.4944
Epoch 33/100 - Train Loss: 0.5037 - Val Loss: 0.4856
Epoch 34/100 - Train Loss: 0.4956 - Val Loss: 0.4805
Epoch 35/100 - Train Loss: 0.4892 - Val Loss: 0.4738
Epoch 36/100 - Train Loss: 0.4844 - Val Loss: 0.4696
Epoch 37/100 - Train Loss: 0.4783 - Val Loss: 0.4632
Epoch 38/100 - Train Loss: 0.4724 - Val Loss: 0.4566
Epoch 39/100 - Train Loss: 0.4673 - Val Loss: 0.4519
Epoch 40/100 - Train Loss: 0.4624 - Val Loss: 0.4506
Epoch 41/100 - Train Loss: 0.4577 - Val Loss: 0.4444
Epoch 42/100 - Train Loss: 0.4551 - Val Loss: 0.4426
Epoch 43/100 - Train Loss: 0.4528 - Val Loss: 0.4386
Epoch 44/100 - Train Loss: 0.4515 - Val Loss: 0.4372
Epoch 45/100 - Train Loss: 0.4476 - Val Loss: 0.4349
Epoch 46/100 - Train Loss: 0.4421 - Val Loss: 0.4296
Epoch 47/100 - Train Loss: 0.4401 - Val Loss: 0.4253
Epoch 48/100 - Train Loss: 0.4364 - Val Loss: 0.4222
Epoch 49/100 - Train Loss: 0.4310 - Val Loss: 0.4174
Epoch 50/100 - Train Loss: 0.4285 - Val Loss: 0.4141
Epoch 51/100 - Train Loss: 0.4268 - Val Loss: 0.4123
Epoch 52/100 - Train Loss: 0.4249 - Val Loss: 0.4092
Epoch 53/100 - Train Loss: 0.4206 - Val Loss: 0.4070
Epoch 54/100 - Train Loss: 0.4196 - Val Loss: 0.4037
Epoch 55/100 - Train Loss: 0.4154 - Val Loss: 0.3994
Epoch 56/100 - Train Loss: 0.4129 - Val Loss: 0.3984
Epoch 57/100 - Train Loss: 0.4132 - Val Loss: 0.3974
Epoch 58/100 - Train Loss: 0.4101 - Val Loss: 0.3948
Epoch 59/100 - Train Loss: 0.4075 - Val Loss: 0.3919
Epoch 60/100 - Train Loss: 0.4052 - Val Loss: 0.3897
Epoch 61/100 - Train Loss: 0.4029 - Val Loss: 0.3889
Epoch 62/100 - Train Loss: 0.4014 - Val Loss: 0.3849
Epoch 63/100 - Train Loss: 0.3980 - Val Loss: 0.3835
Epoch 64/100 - Train Loss: 0.3993 - Val Loss: 0.3932
Epoch 65/100 - Train Loss: 0.4034 - Val Loss: 0.3847
Epoch 66/100 - Train Loss: 0.4027 - Val Loss: 0.3837
Epoch 67/100 - Train Loss: 0.3972 - Val Loss: 0.3801
Epoch 68/100 - Train Loss: 0.3944 - Val Loss: 0.3791
Epoch 69/100 - Train Loss: 0.3949 - Val Loss: 0.3815
Epoch 70/100 - Train Loss: 0.3940 - Val Loss: 0.3773
Epoch 71/100 - Train Loss: 0.3911 - Val Loss: 0.3753
Epoch 72/100 - Train Loss: 0.3907 - Val Loss: 0.3764
Epoch 73/100 - Train Loss: 0.3934 - Val Loss: 0.3753
Epoch 74/100 - Train Loss: 0.3902 - Val Loss: 0.3786
Epoch 75/100 - Train Loss: 0.3933 - Val Loss: 0.3758
Epoch 76/100 - Train Loss: 0.3897 - Val Loss: 0.3720
Epoch 77/100 - Train Loss: 0.3869 - Val Loss: 0.3720
Epoch 78/100 - Train Loss: 0.3867 - Val Loss: 0.3702
Epoch 79/100 - Train Loss: 0.3862 - Val Loss: 0.3702
Epoch 80/100 - Train Loss: 0.3850 - Val Loss: 0.3702
Epoch 81/100 - Train Loss: 0.3857 - Val Loss: 0.3693
Epoch 82/100 - Train Loss: 0.3845 - Val Loss: 0.3684
Epoch 83/100 - Train Loss: 0.3820 - Val Loss: 0.3667
Epoch 84/100 - Train Loss: 0.3809 - Val Loss: 0.3645
Epoch 85/100 - Train Loss: 0.3800 - Val Loss: 0.3655
Epoch 86/100 - Train Loss: 0.3787 - Val Loss: 0.3647
Epoch 87/100 - Train Loss: 0.3795 - Val Loss: 0.3661
Epoch 88/100 - Train Loss: 0.3804 - Val Loss: 0.3663
Epoch 89/100 - Train Loss: 0.3812 - Val Loss: 0.3655
Epoch 90/100 - Train Loss: 0.3829 - Val Loss: 0.3666
Epoch 91/100 - Train Loss: 0.3802 - Val Loss: 0.3637
Epoch 92/100 - Train Loss: 0.3763 - Val Loss: 0.3616
Epoch 93/100 - Train Loss: 0.3764 - Val Loss: 0.3609
Epoch 94/100 - Train Loss: 0.3741 - Val Loss: 0.3601
Epoch 95/100 - Train Loss: 0.3724 - Val Loss: 0.3613
Epoch 96/100 - Train Loss: 0.3714 - Val Loss: 0.3579
Epoch 97/100 - Train Loss: 0.3709 - Val Loss: 0.3587
Epoch 98/100 - Train Loss: 0.3699 - Val Loss: 0.3566
Epoch 99/100 - Train Loss: 0.3723 - Val Loss: 0.3588
Epoch 100/100 - Train Loss: 0.3753 - Val Loss: 0.3606
/athena/cayuga_0019/scratch/ssl4003/sequential_drug_combination/pairwise/pairwise/sequential_drug_prediction/hyperparameter_search.py:166: FutureWarning: You are using `torch.load` with `weights_only=False` (the current default value), which uses the default pickle module implicitly. It is possible to construct malicious pickle data which will execute arbitrary code during unpickling (See https://github.com/pytorch/pytorch/blob/main/SECURITY.md#untrusted-models for more details). In a future release, the default value for `weights_only` will be flipped to `True`. This limits the functions that could be executed during unpickling. Arbitrary objects will no longer be allowed to be loaded via this mode unless they are explicitly allowlisted by the user via `torch.serialization.add_safe_globals`. We recommend you start setting `weights_only=True` for any use case where you don't have full control of the loaded file. Please open an issue on GitHub for any issues related to this experimental feature.
  model.load_state_dict(torch.load(model_path, map_location=device))
Mean PCC: 0.6747 ± 0.2004
Median PCC: 0.7294
Mean Spearman: 0.6601 ± 0.2009
Mean R²: 0.4107 ± 0.3351
RMSE: 0.5588
Mean Most Upregulated 20 Genes: 0.4179 ± 0.1843
Mean Most Downregulated 20 Genes: 0.3579 ± 0.1675
[I 2026-04-21 13:29:42,164] Trial 2 finished with value: -0.6746574640274048 and parameters: {'learning_rate': 0.006400369183564024, 'trt_structure': 'CA+SA+SA+CA', 'mse_weight': 0.1, 'pcc_weight': 1.0, 'dropout': 0.07080725777960455}. Best is trial 2 with value: -0.6746574640274048.

Completed trials: 1
Pruned trials:    0
Failed trials:    0

Best trial:
  PCC: 0.6747
  learning_rate: 0.006400369183564024
  trt_structure: CA+SA+SA+CA
  mse_weight: 0.1
  pcc_weight: 1.0
  dropout: 0.07080725777960455
Search-only mode: exiting without training folds.
