Loading existing folds from disk...
Running fold 2 only

==================================================
Training fold 2
==================================================
Training on 58268 samples...
Epoch 1/200 - Train Loss: 1.0847 - Val Loss: 0.9768 - LR: 9.14e-05
Epoch 2/200 - Train Loss: 0.9600 - Val Loss: 0.8567 - LR: 1.83e-04
Epoch 3/200 - Train Loss: 0.8688 - Val Loss: 0.7887 - LR: 2.74e-04
Epoch 4/200 - Train Loss: 0.8148 - Val Loss: 0.7518 - LR: 3.66e-04
Epoch 5/200 - Train Loss: 0.7786 - Val Loss: 0.7209 - LR: 4.57e-04
Epoch 6/200 - Train Loss: 0.7452 - Val Loss: 0.6874 - LR: 5.49e-04
Epoch 7/200 - Train Loss: 0.7150 - Val Loss: 0.6640 - LR: 6.40e-04
Epoch 8/200 - Train Loss: 0.6905 - Val Loss: 0.6452 - LR: 7.31e-04
Epoch 9/200 - Train Loss: 0.6689 - Val Loss: 0.6273 - LR: 8.23e-04
Epoch 10/200 - Train Loss: 0.6497 - Val Loss: 0.6143 - LR: 9.14e-04
Epoch 11/200 - Train Loss: 0.6339 - Val Loss: 0.6003 - LR: 1.01e-03
Epoch 12/200 - Train Loss: 0.6207 - Val Loss: 0.5913 - LR: 1.10e-03
Epoch 13/200 - Train Loss: 0.6092 - Val Loss: 0.5874 - LR: 1.19e-03
Epoch 14/200 - Train Loss: 0.5969 - Val Loss: 0.5694 - LR: 1.28e-03
Epoch 15/200 - Train Loss: 0.5844 - Val Loss: 0.5634 - LR: 1.37e-03
Epoch 16/200 - Train Loss: 0.5737 - Val Loss: 0.5542 - LR: 1.46e-03
Epoch 17/200 - Train Loss: 0.5656 - Val Loss: 0.5414 - LR: 1.55e-03
Epoch 18/200 - Train Loss: 0.5548 - Val Loss: 0.5390 - LR: 1.65e-03
Epoch 19/200 - Train Loss: 0.5460 - Val Loss: 0.5256 - LR: 1.74e-03
Epoch 20/200 - Train Loss: 0.5354 - Val Loss: 0.5195 - LR: 1.83e-03
Epoch 21/200 - Train Loss: 0.5253 - Val Loss: 0.5120 - LR: 1.92e-03
Epoch 22/200 - Train Loss: 0.5187 - Val Loss: 0.5096 - LR: 2.01e-03
Epoch 23/200 - Train Loss: 0.5278 - Val Loss: 0.5098 - LR: 2.10e-03
Epoch 24/200 - Train Loss: 0.5174 - Val Loss: 0.5020 - LR: 2.19e-03
Epoch 25/200 - Train Loss: 0.5075 - Val Loss: 0.4876 - LR: 2.29e-03
Epoch 26/200 - Train Loss: 0.4946 - Val Loss: 0.4827 - LR: 2.38e-03
Epoch 27/200 - Train Loss: 0.4886 - Val Loss: 0.4706 - LR: 2.47e-03
Epoch 28/200 - Train Loss: 0.4816 - Val Loss: 0.4660 - LR: 2.56e-03
Epoch 29/200 - Train Loss: 0.4737 - Val Loss: 0.4568 - LR: 2.65e-03
Epoch 30/200 - Train Loss: 0.4664 - Val Loss: 0.4525 - LR: 2.74e-03
Epoch 31/200 - Train Loss: 0.4585 - Val Loss: 0.4437 - LR: 2.83e-03
Epoch 32/200 - Train Loss: 0.4537 - Val Loss: 0.4417 - LR: 2.93e-03
Epoch 33/200 - Train Loss: 0.4484 - Val Loss: 0.4366 - LR: 3.02e-03
Epoch 34/200 - Train Loss: 0.4421 - Val Loss: 0.4324 - LR: 3.11e-03
Epoch 35/200 - Train Loss: 0.4345 - Val Loss: 0.4235 - LR: 3.20e-03
Epoch 36/200 - Train Loss: 0.4301 - Val Loss: 0.4161 - LR: 3.29e-03
Epoch 37/200 - Train Loss: 0.4265 - Val Loss: 0.4139 - LR: 3.38e-03
Epoch 38/200 - Train Loss: 0.4228 - Val Loss: 0.4097 - LR: 3.47e-03
Epoch 39/200 - Train Loss: 0.4182 - Val Loss: 0.4041 - LR: 3.57e-03
Epoch 40/200 - Train Loss: 0.4135 - Val Loss: 0.3987 - LR: 3.66e-03
Epoch 41/200 - Train Loss: 0.4079 - Val Loss: 0.3963 - LR: 3.75e-03
Epoch 42/200 - Train Loss: 0.4073 - Val Loss: 0.3958 - LR: 3.84e-03
Epoch 43/200 - Train Loss: 0.4050 - Val Loss: 0.3959 - LR: 3.93e-03
Epoch 44/200 - Train Loss: 0.4047 - Val Loss: 0.3903 - LR: 4.02e-03
Epoch 45/200 - Train Loss: 0.3995 - Val Loss: 0.3854 - LR: 4.11e-03
Epoch 46/200 - Train Loss: 0.3971 - Val Loss: 0.3849 - LR: 4.21e-03
Epoch 47/200 - Train Loss: 0.3945 - Val Loss: 0.3812 - LR: 4.30e-03
Epoch 48/200 - Train Loss: 0.3897 - Val Loss: 0.3738 - LR: 4.39e-03
Epoch 49/200 - Train Loss: 0.3906 - Val Loss: 0.3752 - LR: 4.48e-03
Epoch 50/200 - Train Loss: 0.3816 - Val Loss: 0.3688 - LR: 4.57e-03
Epoch 51/200 - Train Loss: 0.3797 - Val Loss: 0.3675 - LR: 4.66e-03
Epoch 52/200 - Train Loss: 0.3772 - Val Loss: 0.3655 - LR: 4.75e-03
Epoch 53/200 - Train Loss: 0.3755 - Val Loss: 0.3675 - LR: 4.85e-03
Epoch 54/200 - Train Loss: 0.3773 - Val Loss: 0.3657 - LR: 4.94e-03
Epoch 55/200 - Train Loss: 0.3728 - Val Loss: 0.3620 - LR: 5.03e-03
Epoch 56/200 - Train Loss: 0.3696 - Val Loss: 0.3607 - LR: 5.12e-03
Epoch 57/200 - Train Loss: 0.3699 - Val Loss: 0.3602 - LR: 5.21e-03
Epoch 58/200 - Train Loss: 0.3726 - Val Loss: 0.3608 - LR: 5.30e-03
Epoch 59/200 - Train Loss: 0.3675 - Val Loss: 0.3563 - LR: 5.39e-03
Epoch 60/200 - Train Loss: 0.3698 - Val Loss: 0.3593 - LR: 5.49e-03
Epoch 61/200 - Train Loss: 0.3664 - Val Loss: 0.3564 - LR: 5.58e-03
Epoch 62/200 - Train Loss: 0.3670 - Val Loss: 0.3583 - LR: 5.67e-03
Epoch 63/200 - Train Loss: 0.3732 - Val Loss: 0.3598 - LR: 5.76e-03
Epoch 64/200 - Train Loss: 0.3654 - Val Loss: 0.3538 - LR: 5.85e-03
Epoch 65/200 - Train Loss: 0.3620 - Val Loss: 0.3527 - LR: 5.94e-03
Epoch 66/200 - Train Loss: 0.3617 - Val Loss: 0.3570 - LR: 6.03e-03
Epoch 67/200 - Train Loss: 0.3610 - Val Loss: 0.3494 - LR: 6.13e-03
Epoch 68/200 - Train Loss: 0.3585 - Val Loss: 0.3470 - LR: 6.22e-03
Epoch 69/200 - Train Loss: 0.3577 - Val Loss: 0.3521 - LR: 6.31e-03
Epoch 70/200 - Train Loss: 0.3578 - Val Loss: 0.3563 - LR: 6.40e-03
Epoch 71/200 - Train Loss: 0.3595 - Val Loss: 0.3486 - LR: 6.40e-03
Epoch 72/200 - Train Loss: 0.3589 - Val Loss: 0.3481 - LR: 6.40e-03
Epoch 73/200 - Train Loss: 0.3611 - Val Loss: 0.3522 - LR: 6.40e-03
Epoch 74/200 - Train Loss: 0.3623 - Val Loss: 0.3543 - LR: 6.39e-03
Epoch 75/200 - Train Loss: 0.3715 - Val Loss: 0.3590 - LR: 6.39e-03
Epoch 76/200 - Train Loss: 0.3649 - Val Loss: 0.3481 - LR: 6.38e-03
Epoch 77/200 - Train Loss: 0.3584 - Val Loss: 0.3486 - LR: 6.37e-03
Epoch 78/200 - Train Loss: 0.3536 - Val Loss: 0.3451 - LR: 6.35e-03
Epoch 79/200 - Train Loss: 0.3570 - Val Loss: 0.3452 - LR: 6.34e-03
Epoch 80/200 - Train Loss: 0.3543 - Val Loss: 0.3434 - LR: 6.32e-03
Epoch 81/200 - Train Loss: 0.3568 - Val Loss: 0.3451 - LR: 6.31e-03
Epoch 82/200 - Train Loss: 0.3563 - Val Loss: 0.3451 - LR: 6.29e-03
Epoch 83/200 - Train Loss: 0.3548 - Val Loss: 0.3484 - LR: 6.27e-03
Epoch 84/200 - Train Loss: 0.3596 - Val Loss: 0.3469 - LR: 6.24e-03
Epoch 85/200 - Train Loss: 0.3669 - Val Loss: 0.3577 - LR: 6.22e-03
Epoch 86/200 - Train Loss: 0.3739 - Val Loss: 0.3704 - LR: 6.19e-03
Epoch 87/200 - Train Loss: 0.3959 - Val Loss: 0.3708 - LR: 6.16e-03
Epoch 88/200 - Train Loss: 0.3810 - Val Loss: 0.3565 - LR: 6.13e-03
Epoch 89/200 - Train Loss: 0.3753 - Val Loss: 0.3560 - LR: 6.10e-03
Epoch 90/200 - Train Loss: 0.3763 - Val Loss: 0.3573 - LR: 6.07e-03
Epoch 91/200 - Train Loss: 0.3793 - Val Loss: 0.3607 - LR: 6.03e-03
Epoch 92/200 - Train Loss: 0.3816 - Val Loss: 0.3648 - LR: 6.00e-03
Epoch 93/200 - Train Loss: 0.3794 - Val Loss: 0.3566 - LR: 5.96e-03
Epoch 94/200 - Train Loss: 0.3782 - Val Loss: 0.3594 - LR: 5.92e-03
Epoch 95/200 - Train Loss: 0.3754 - Val Loss: 0.3575 - LR: 5.88e-03
Epoch 96/200 - Train Loss: 0.3769 - Val Loss: 0.3561 - LR: 5.83e-03
Epoch 97/200 - Train Loss: 0.3833 - Val Loss: 0.3588 - LR: 5.79e-03
Epoch 98/200 - Train Loss: 0.3749 - Val Loss: 0.3550 - LR: 5.74e-03
Epoch 99/200 - Train Loss: 0.3666 - Val Loss: 0.3526 - LR: 5.70e-03
Epoch 100/200 - Train Loss: 0.3698 - Val Loss: 0.3562 - LR: 5.65e-03
Early stopping at epoch 100
/athena/cayuga_0019/scratch/ssl4003/sequential_drug_combination/pairwise/pairwise/sequential_drug_prediction/pipeline.py:164: FutureWarning: You are using `torch.load` with `weights_only=False` (the current default value), which uses the default pickle module implicitly. It is possible to construct malicious pickle data which will execute arbitrary code during unpickling (See https://github.com/pytorch/pytorch/blob/main/SECURITY.md#untrusted-models for more details). In a future release, the default value for `weights_only` will be flipped to `True`. This limits the functions that could be executed during unpickling. Arbitrary objects will no longer be allowed to be loaded via this mode unless they are explicitly allowlisted by the user via `torch.serialization.add_safe_globals`. We recommend you start setting `weights_only=True` for any use case where you don't have full control of the loaded file. Please open an issue on GitHub for any issues related to this experimental feature.
  model.load_state_dict(torch.load(model_path, map_location=device))
Mean PCC: 0.6871 ± 0.1970
Median PCC: 0.7414
Mean Spearman: 0.6736 ± 0.1974
Mean R²: 0.4200 ± 0.3803
RMSE: 0.5465
Mean Most Upregulated 20 Genes: 0.4280 ± 0.1853
Mean Most Downregulated 20 Genes: 0.3646 ± 0.1702
Fold 2 test PCC: 0.6871 ± 0.1970
Fold 2 test Spearman: 0.6736 ± 0.1974
Fold 2 test R²: 0.4200 ± 0.3803
Fold 2 test RMSE: 0.5465
Fold 2 test Most Upregulated 20 Genes Precision@20:   0.4280 ± 0.1853
Fold 2 test Most Downregulated 20 Genes Precision@20: 0.3646 ± 0.1702
Saved fold 2 results to /athena/angsd/scratch/ssl4003/sequential_drug_combination/pairwise/pairwise/sequential_drug_prediction/best_models_parallel/results_fold_2.pkl
