Loading existing folds from disk...
Running hyperparameter search...
[I 2026-04-21 13:44:10,705] Using an existing study with name 'hyperparameter_search' instead of creating a new one.
Epoch 1/100 - Train Loss: 2.8048 - Val Loss: 1.0681
Epoch 2/100 - Train Loss: 1.0866 - Val Loss: 1.1102
Epoch 3/100 - Train Loss: 1.1327 - Val Loss: 1.1701
Epoch 4/100 - Train Loss: 1.2345 - Val Loss: 1.2671
Epoch 5/100 - Train Loss: 1.2933 - Val Loss: 1.3099
Epoch 6/100 - Train Loss: 1.3234 - Val Loss: 1.3253
Epoch 7/100 - Train Loss: 1.3200 - Val Loss: 1.3304
Epoch 8/100 - Train Loss: 1.3659 - Val Loss: 1.3695
Epoch 9/100 - Train Loss: 1.3771 - Val Loss: 1.3486
Epoch 10/100 - Train Loss: 1.3421 - Val Loss: 1.3260
Epoch 11/100 - Train Loss: 1.3363 - Val Loss: 1.3231
/athena/cayuga_0019/scratch/ssl4003/sequential_drug_combination/pairwise/pairwise/sequential_drug_prediction/hyperparameter_search.py:166: FutureWarning: You are using `torch.load` with `weights_only=False` (the current default value), which uses the default pickle module implicitly. It is possible to construct malicious pickle data which will execute arbitrary code during unpickling (See https://github.com/pytorch/pytorch/blob/main/SECURITY.md#untrusted-models for more details). In a future release, the default value for `weights_only` will be flipped to `True`. This limits the functions that could be executed during unpickling. Arbitrary objects will no longer be allowed to be loaded via this mode unless they are explicitly allowlisted by the user via `torch.serialization.add_safe_globals`. We recommend you start setting `weights_only=True` for any use case where you don't have full control of the loaded file. Please open an issue on GitHub for any issues related to this experimental feature.
  model.load_state_dict(torch.load(model_path, map_location=device))
Mean PCC: nan ± nan
Median PCC: nan
Mean Spearman: nan ± nan
Mean R²: -0.2467 ± 0.3005
RMSE: 0.8120
Mean Most Upregulated 20 Genes: 0.0061 ± 0.0170
Mean Most Downregulated 20 Genes: 0.0093 ± 0.0221
[W 2026-04-21 15:34:07,528] Trial 4 failed with parameters: {'learning_rate': 0.006400369183564024, 'trt_structure': 'CA+SA+SA+CA', 'mse_weight': 0.1, 'pcc_weight': 1.0, 'dropout': 0.07080725777960455} because of the following error: The value nan is not acceptable.
[W 2026-04-21 15:34:07,528] Trial 4 failed with value nan.

Completed trials: 4
Pruned trials:    0
Failed trials:    1

Best trial:
  PCC: 0.6747
  learning_rate: 0.006400369183564024
  trt_structure: CA+SA+SA+CA
  mse_weight: 0.1
  pcc_weight: 1.0
  dropout: 0.07080725777960455
Search-only mode: exiting without training folds.
