Loading existing folds from disk...
Running fold 2 only

==================================================
Training fold 2
==================================================
Training on 66800 samples...
Epoch 1/200 - Train Loss: 1.0810 - Val Loss: 1.1168 - LR: 9.14e-05
Epoch 2/200 - Train Loss: 0.9477 - Val Loss: 1.1082 - LR: 1.83e-04
Epoch 3/200 - Train Loss: 0.8587 - Val Loss: 1.0620 - LR: 2.74e-04
Epoch 4/200 - Train Loss: 0.7989 - Val Loss: 1.0354 - LR: 3.66e-04
Epoch 5/200 - Train Loss: 0.7525 - Val Loss: 1.0316 - LR: 4.57e-04
Epoch 6/200 - Train Loss: 0.7183 - Val Loss: 1.0418 - LR: 5.49e-04
Epoch 7/200 - Train Loss: 0.6918 - Val Loss: 1.0396 - LR: 6.40e-04
Epoch 8/200 - Train Loss: 0.6683 - Val Loss: 1.0097 - LR: 7.31e-04
Epoch 9/200 - Train Loss: 0.6468 - Val Loss: 1.0088 - LR: 8.23e-04
Epoch 10/200 - Train Loss: 0.6269 - Val Loss: 0.9771 - LR: 9.14e-04
Epoch 11/200 - Train Loss: 0.6085 - Val Loss: 1.0360 - LR: 1.01e-03
Epoch 12/200 - Train Loss: 0.5878 - Val Loss: 0.9950 - LR: 1.10e-03
Epoch 13/200 - Train Loss: 0.5686 - Val Loss: 1.0142 - LR: 1.19e-03
Epoch 14/200 - Train Loss: 0.5531 - Val Loss: 1.0074 - LR: 1.28e-03
Epoch 15/200 - Train Loss: 0.5343 - Val Loss: 1.0047 - LR: 1.37e-03
Epoch 16/200 - Train Loss: 0.5211 - Val Loss: 0.9535 - LR: 1.46e-03
Epoch 17/200 - Train Loss: 0.5082 - Val Loss: 0.9279 - LR: 1.55e-03
Epoch 18/200 - Train Loss: 0.4928 - Val Loss: 0.9126 - LR: 1.65e-03
Epoch 19/200 - Train Loss: 0.4841 - Val Loss: 0.9859 - LR: 1.74e-03
Epoch 20/200 - Train Loss: 0.4776 - Val Loss: 0.9415 - LR: 1.83e-03
Epoch 21/200 - Train Loss: 0.4715 - Val Loss: 0.9368 - LR: 1.92e-03
Epoch 22/200 - Train Loss: 0.4590 - Val Loss: 0.9322 - LR: 2.01e-03
Epoch 23/200 - Train Loss: 0.4532 - Val Loss: 0.8803 - LR: 2.10e-03
Epoch 24/200 - Train Loss: 0.4449 - Val Loss: 0.9437 - LR: 2.19e-03
Epoch 25/200 - Train Loss: 0.4413 - Val Loss: 0.9873 - LR: 2.29e-03
Epoch 26/200 - Train Loss: 0.4381 - Val Loss: 0.9256 - LR: 2.38e-03
Epoch 27/200 - Train Loss: 0.4276 - Val Loss: 0.9482 - LR: 2.47e-03
Epoch 28/200 - Train Loss: 0.4242 - Val Loss: 0.8828 - LR: 2.56e-03
Epoch 29/200 - Train Loss: 0.4208 - Val Loss: 0.9408 - LR: 2.65e-03
Epoch 30/200 - Train Loss: 0.4124 - Val Loss: 0.9425 - LR: 2.74e-03
Epoch 31/200 - Train Loss: 0.4071 - Val Loss: 0.9299 - LR: 2.83e-03
Epoch 32/200 - Train Loss: 0.4064 - Val Loss: 0.9286 - LR: 2.93e-03
Epoch 33/200 - Train Loss: 0.4029 - Val Loss: 0.9676 - LR: 3.02e-03
Epoch 34/200 - Train Loss: 0.3955 - Val Loss: 0.9399 - LR: 3.11e-03
Epoch 35/200 - Train Loss: 0.3945 - Val Loss: 0.9130 - LR: 3.20e-03
Epoch 36/200 - Train Loss: 0.3942 - Val Loss: 0.9528 - LR: 3.29e-03
Epoch 37/200 - Train Loss: 0.3919 - Val Loss: 0.8912 - LR: 3.38e-03
Epoch 38/200 - Train Loss: 0.3871 - Val Loss: 0.8964 - LR: 3.47e-03
Epoch 39/200 - Train Loss: 0.3832 - Val Loss: 0.9243 - LR: 3.57e-03
Epoch 40/200 - Train Loss: 0.3799 - Val Loss: 0.8869 - LR: 3.66e-03
Epoch 41/200 - Train Loss: 0.3775 - Val Loss: 0.8859 - LR: 3.75e-03
Epoch 42/200 - Train Loss: 0.3743 - Val Loss: 0.9606 - LR: 3.84e-03
Epoch 43/200 - Train Loss: 0.3728 - Val Loss: 0.9309 - LR: 3.93e-03
Early stopping at epoch 43
/athena/cayuga_0019/scratch/ssl4003/sequential_drug_combination/pairwise/pairwise/sequential_drug_prediction/pipeline.py:163: FutureWarning: You are using `torch.load` with `weights_only=False` (the current default value), which uses the default pickle module implicitly. It is possible to construct malicious pickle data which will execute arbitrary code during unpickling (See https://github.com/pytorch/pytorch/blob/main/SECURITY.md#untrusted-models for more details). In a future release, the default value for `weights_only` will be flipped to `True`. This limits the functions that could be executed during unpickling. Arbitrary objects will no longer be allowed to be loaded via this mode unless they are explicitly allowlisted by the user via `torch.serialization.add_safe_globals`. We recommend you start setting `weights_only=True` for any use case where you don't have full control of the loaded file. Please open an issue on GitHub for any issues related to this experimental feature.
  model.load_state_dict(torch.load(model_path, map_location=device))
Mean PCC: 0.1487 ± 0.1804
Median PCC: 0.1344
Mean Spearman: 0.1424 ± 0.1832
Mean R²: -0.0975 ± 0.1806
RMSE: 0.7368
Mean Most Upregulated 20 Genes: 0.0902 ± 0.0735
Mean Most Downregulated 20 Genes: 0.0757 ± 0.0661
Fold 2 test PCC: 0.1487 ± 0.1804
Fold 2 test Spearman: 0.1424 ± 0.1832
Fold 2 test R²: -0.0975 ± 0.1806
Fold 2 test RMSE: 0.7368
Fold 2 test Most Upregulated 20 Genes Precision@20:   0.0902 ± 0.0735
Fold 2 test Most Downregulated 20 Genes Precision@20: 0.0757 ± 0.0661
Saved fold 2 results to /athena/angsd/scratch/ssl4003/sequential_drug_combination/pairwise/pairwise/sequential_drug_prediction/best_models_zero_shot/results_fold_2.pkl
