Loading existing folds from disk...
Running hyperparameter search...
[I 2026-04-22 06:19:21,759] Using an existing study with name 'hyperparameter_search' instead of creating a new one.
Epoch 1/100 - Train Loss: 2.1646 - Val Loss: 0.7320
Epoch 2/100 - Train Loss: 0.7348 - Val Loss: 0.6670
Epoch 3/100 - Train Loss: 0.6988 - Val Loss: 0.6673
Epoch 4/100 - Train Loss: 0.7091 - Val Loss: 0.6812
Epoch 5/100 - Train Loss: 0.7642 - Val Loss: 0.7510
Epoch 6/100 - Train Loss: 0.7850 - Val Loss: 0.7567
Epoch 7/100 - Train Loss: 0.7432 - Val Loss: 0.6932
Epoch 8/100 - Train Loss: 0.7155 - Val Loss: 0.6589
Epoch 9/100 - Train Loss: 0.6853 - Val Loss: 0.6382
Epoch 10/100 - Train Loss: 0.6693 - Val Loss: 0.6284
Epoch 11/100 - Train Loss: 0.6528 - Val Loss: 0.6130
Epoch 12/100 - Train Loss: 0.6396 - Val Loss: 0.6049
Epoch 13/100 - Train Loss: 0.6281 - Val Loss: 0.5970
Epoch 14/100 - Train Loss: 0.6197 - Val Loss: 0.5881
Epoch 15/100 - Train Loss: 0.6131 - Val Loss: 0.5809
Epoch 16/100 - Train Loss: 0.6062 - Val Loss: 0.5773
Epoch 17/100 - Train Loss: 0.5999 - Val Loss: 0.5735
Epoch 18/100 - Train Loss: 0.5947 - Val Loss: 0.5698
Epoch 19/100 - Train Loss: 0.5875 - Val Loss: 0.5628
Epoch 20/100 - Train Loss: 0.5830 - Val Loss: 0.5573
Epoch 21/100 - Train Loss: 0.5758 - Val Loss: 0.5513
Epoch 22/100 - Train Loss: 0.5696 - Val Loss: 0.5501
Epoch 23/100 - Train Loss: 0.5649 - Val Loss: 0.5401
Epoch 24/100 - Train Loss: 0.5568 - Val Loss: 0.5379
Epoch 25/100 - Train Loss: 0.5516 - Val Loss: 0.5303
Epoch 26/100 - Train Loss: 0.5454 - Val Loss: 0.5271
Epoch 27/100 - Train Loss: 0.5410 - Val Loss: 0.5208
Epoch 28/100 - Train Loss: 0.5359 - Val Loss: 0.5167
Epoch 29/100 - Train Loss: 0.5307 - Val Loss: 0.5147
Epoch 30/100 - Train Loss: 0.5240 - Val Loss: 0.5042
Epoch 31/100 - Train Loss: 0.5197 - Val Loss: 0.5032
Epoch 32/100 - Train Loss: 0.5157 - Val Loss: 0.4963
Epoch 33/100 - Train Loss: 0.5070 - Val Loss: 0.4906
Epoch 34/100 - Train Loss: 0.5018 - Val Loss: 0.4851
Epoch 35/100 - Train Loss: 0.4992 - Val Loss: 0.4798
Epoch 36/100 - Train Loss: 0.4933 - Val Loss: 0.4740
Epoch 37/100 - Train Loss: 0.4883 - Val Loss: 0.4719
Epoch 38/100 - Train Loss: 0.4833 - Val Loss: 0.4657
Epoch 39/100 - Train Loss: 0.4791 - Val Loss: 0.4621
Epoch 40/100 - Train Loss: 0.4774 - Val Loss: 0.4618
Epoch 41/100 - Train Loss: 0.4712 - Val Loss: 0.4560
Epoch 42/100 - Train Loss: 0.4682 - Val Loss: 0.4538
Epoch 43/100 - Train Loss: 0.4637 - Val Loss: 0.4468
Epoch 44/100 - Train Loss: 0.4630 - Val Loss: 0.4450
Epoch 45/100 - Train Loss: 0.4586 - Val Loss: 0.4420
Epoch 46/100 - Train Loss: 0.4609 - Val Loss: 0.4450
Epoch 47/100 - Train Loss: 0.4579 - Val Loss: 0.4407
Epoch 48/100 - Train Loss: 0.4521 - Val Loss: 0.4355
Epoch 49/100 - Train Loss: 0.4514 - Val Loss: 0.4342
Epoch 50/100 - Train Loss: 0.4468 - Val Loss: 0.4308
Epoch 51/100 - Train Loss: 0.4436 - Val Loss: 0.4295
Epoch 52/100 - Train Loss: 0.4432 - Val Loss: 0.4313
Epoch 53/100 - Train Loss: 0.4445 - Val Loss: 0.4274
Epoch 54/100 - Train Loss: 0.4423 - Val Loss: 0.4252
Epoch 55/100 - Train Loss: 0.4380 - Val Loss: 0.4209
Epoch 56/100 - Train Loss: 0.4363 - Val Loss: 0.4188
Epoch 57/100 - Train Loss: 0.4354 - Val Loss: 0.4193
Trial 12 pruned at epoch 57
[I 2026-04-22 15:42:30,192] Trial 12 pruned. 

Completed trials: 5
Pruned trials:    6
Failed trials:    1

Best trial:
  PCC: 0.6747
  learning_rate: 0.006400369183564024
  trt_structure: CA+SA+SA+CA
  mse_weight: 0.1
  pcc_weight: 1.0
  dropout: 0.07080725777960455
Search-only mode: exiting without training folds.
