Loading existing folds from disk...
Running fold 1 only

==================================================
Training fold 1
==================================================
Training on 57116 samples...
Epoch 1/200 - Train Loss: 1.0750 - Val Loss: 1.0799 - LR: 9.14e-05
Epoch 2/200 - Train Loss: 0.9250 - Val Loss: 1.0397 - LR: 1.83e-04
Epoch 3/200 - Train Loss: 0.8303 - Val Loss: 0.9922 - LR: 2.74e-04
Epoch 4/200 - Train Loss: 0.7665 - Val Loss: 0.9837 - LR: 3.66e-04
Epoch 5/200 - Train Loss: 0.7211 - Val Loss: 0.9807 - LR: 4.57e-04
Epoch 6/200 - Train Loss: 0.6875 - Val Loss: 0.9912 - LR: 5.49e-04
Epoch 7/200 - Train Loss: 0.6649 - Val Loss: 0.9912 - LR: 6.40e-04
Epoch 8/200 - Train Loss: 0.6470 - Val Loss: 0.9978 - LR: 7.31e-04
Epoch 9/200 - Train Loss: 0.6309 - Val Loss: 0.9949 - LR: 8.23e-04
Epoch 10/200 - Train Loss: 0.6158 - Val Loss: 1.0054 - LR: 9.14e-04
Epoch 11/200 - Train Loss: 0.5996 - Val Loss: 1.0046 - LR: 1.01e-03
Epoch 12/200 - Train Loss: 0.5826 - Val Loss: 1.0084 - LR: 1.10e-03
Epoch 13/200 - Train Loss: 0.5662 - Val Loss: 1.0003 - LR: 1.19e-03
Epoch 14/200 - Train Loss: 0.5495 - Val Loss: 1.0221 - LR: 1.28e-03
Epoch 15/200 - Train Loss: 0.5323 - Val Loss: 0.9964 - LR: 1.37e-03
Epoch 16/200 - Train Loss: 0.5174 - Val Loss: 1.0020 - LR: 1.46e-03
Epoch 17/200 - Train Loss: 0.5019 - Val Loss: 0.9889 - LR: 1.55e-03
Epoch 18/200 - Train Loss: 0.4893 - Val Loss: 1.0202 - LR: 1.65e-03
Epoch 19/200 - Train Loss: 0.4780 - Val Loss: 1.0068 - LR: 1.74e-03
Epoch 20/200 - Train Loss: 0.4664 - Val Loss: 0.9903 - LR: 1.83e-03
Epoch 21/200 - Train Loss: 0.4575 - Val Loss: 1.0197 - LR: 1.92e-03
Epoch 22/200 - Train Loss: 0.4471 - Val Loss: 1.0006 - LR: 2.01e-03
Epoch 23/200 - Train Loss: 0.4385 - Val Loss: 0.9984 - LR: 2.10e-03
Epoch 24/200 - Train Loss: 0.4276 - Val Loss: 1.0094 - LR: 2.19e-03
Epoch 25/200 - Train Loss: 0.4196 - Val Loss: 1.0134 - LR: 2.29e-03
Early stopping at epoch 25
/athena/cayuga_0019/scratch/ssl4003/sequential_drug_combination/pairwise/pairwise/sequential_drug_prediction/pipeline.py:163: FutureWarning: You are using `torch.load` with `weights_only=False` (the current default value), which uses the default pickle module implicitly. It is possible to construct malicious pickle data which will execute arbitrary code during unpickling (See https://github.com/pytorch/pytorch/blob/main/SECURITY.md#untrusted-models for more details). In a future release, the default value for `weights_only` will be flipped to `True`. This limits the functions that could be executed during unpickling. Arbitrary objects will no longer be allowed to be loaded via this mode unless they are explicitly allowlisted by the user via `torch.serialization.add_safe_globals`. We recommend you start setting `weights_only=True` for any use case where you don't have full control of the loaded file. Please open an issue on GitHub for any issues related to this experimental feature.
  model.load_state_dict(torch.load(model_path, map_location=device))
Mean PCC: 0.0895 ± 0.1169
Median PCC: 0.0941
Mean Spearman: 0.0799 ± 0.1198
Mean R²: -0.1939 ± 0.2534
RMSE: 0.7435
Mean Most Upregulated 20 Genes: 0.0604 ± 0.0562
Mean Most Downregulated 20 Genes: 0.0360 ± 0.0432
Fold 1 test PCC: 0.0895 ± 0.1169
Fold 1 test Spearman: 0.0799 ± 0.1198
Fold 1 test R²: -0.1939 ± 0.2534
Fold 1 test RMSE: 0.7435
Fold 1 test Most Upregulated 20 Genes Precision@20:   0.0604 ± 0.0562
Fold 1 test Most Downregulated 20 Genes Precision@20: 0.0360 ± 0.0432
Saved fold 1 results to /athena/angsd/scratch/ssl4003/sequential_drug_combination/pairwise/pairwise/sequential_drug_prediction/best_models_zero_shot/results_fold_1.pkl
