Loading existing folds from disk...
Running hyperparameter search...
[I 2026-04-21 13:44:10,712] Using an existing study with name 'hyperparameter_search' instead of creating a new one.
Epoch 1/100 - Train Loss: 2.7867 - Val Loss: 0.7553
Epoch 2/100 - Train Loss: 0.7877 - Val Loss: 0.7155
Epoch 3/100 - Train Loss: 0.7574 - Val Loss: 0.6989
Epoch 4/100 - Train Loss: 0.7545 - Val Loss: 0.7162
Epoch 5/100 - Train Loss: 0.7676 - Val Loss: 0.7243
Epoch 6/100 - Train Loss: 0.7512 - Val Loss: 0.7098
Epoch 7/100 - Train Loss: 0.7411 - Val Loss: 0.6906
Epoch 8/100 - Train Loss: 0.7295 - Val Loss: 0.6845
Epoch 9/100 - Train Loss: 0.7337 - Val Loss: 0.7005
Epoch 10/100 - Train Loss: 0.7345 - Val Loss: 0.6785
Epoch 11/100 - Train Loss: 0.7027 - Val Loss: 0.6592
Epoch 12/100 - Train Loss: 0.6891 - Val Loss: 0.6431
Epoch 13/100 - Train Loss: 0.6662 - Val Loss: 0.6254
Epoch 14/100 - Train Loss: 0.6493 - Val Loss: 0.6076
Epoch 15/100 - Train Loss: 0.6337 - Val Loss: 0.5977
Epoch 16/100 - Train Loss: 0.6255 - Val Loss: 0.5920
Epoch 17/100 - Train Loss: 0.6135 - Val Loss: 0.5832
Epoch 18/100 - Train Loss: 0.6074 - Val Loss: 0.5783
Epoch 19/100 - Train Loss: 0.6009 - Val Loss: 0.5750
Epoch 20/100 - Train Loss: 0.5925 - Val Loss: 0.5643
Epoch 21/100 - Train Loss: 0.5835 - Val Loss: 0.5582
Epoch 22/100 - Train Loss: 0.5766 - Val Loss: 0.5513
Epoch 23/100 - Train Loss: 0.5705 - Val Loss: 0.5457
Epoch 24/100 - Train Loss: 0.5637 - Val Loss: 0.5409
Epoch 25/100 - Train Loss: 0.5553 - Val Loss: 0.5341
Epoch 26/100 - Train Loss: 0.5491 - Val Loss: 0.5281
Epoch 27/100 - Train Loss: 0.5443 - Val Loss: 0.5238
Epoch 28/100 - Train Loss: 0.5396 - Val Loss: 0.5169
Epoch 29/100 - Train Loss: 0.5320 - Val Loss: 0.5102
Epoch 30/100 - Train Loss: 0.5235 - Val Loss: 0.5027
Epoch 31/100 - Train Loss: 0.5170 - Val Loss: 0.5004
Epoch 32/100 - Train Loss: 0.5167 - Val Loss: 0.4940
Epoch 33/100 - Train Loss: 0.5061 - Val Loss: 0.4888
Epoch 34/100 - Train Loss: 0.5019 - Val Loss: 0.4841
Epoch 35/100 - Train Loss: 0.4956 - Val Loss: 0.4776
Epoch 36/100 - Train Loss: 0.4920 - Val Loss: 0.4751
Epoch 37/100 - Train Loss: 0.4875 - Val Loss: 0.4687
Epoch 38/100 - Train Loss: 0.4826 - Val Loss: 0.4702
Epoch 39/100 - Train Loss: 0.4826 - Val Loss: 0.4606
Epoch 40/100 - Train Loss: 0.4751 - Val Loss: 0.4585
Epoch 41/100 - Train Loss: 0.4718 - Val Loss: 0.4532
Epoch 42/100 - Train Loss: 0.4682 - Val Loss: 0.4502
Epoch 43/100 - Train Loss: 0.4668 - Val Loss: 0.4481
Epoch 44/100 - Train Loss: 0.4639 - Val Loss: 0.4456
Epoch 45/100 - Train Loss: 0.4596 - Val Loss: 0.4411
Epoch 46/100 - Train Loss: 0.4598 - Val Loss: 0.4467
Epoch 47/100 - Train Loss: 0.4573 - Val Loss: 0.4391
Epoch 48/100 - Train Loss: 0.4505 - Val Loss: 0.4334
Epoch 49/100 - Train Loss: 0.4477 - Val Loss: 0.4319
Epoch 50/100 - Train Loss: 0.4452 - Val Loss: 0.4316
Epoch 51/100 - Train Loss: 0.4468 - Val Loss: 0.4300
Epoch 52/100 - Train Loss: 0.4466 - Val Loss: 0.4312
Epoch 53/100 - Train Loss: 0.4407 - Val Loss: 0.4234
Epoch 54/100 - Train Loss: 0.4361 - Val Loss: 0.4204
Epoch 55/100 - Train Loss: 0.4363 - Val Loss: 0.4181
Epoch 56/100 - Train Loss: 0.4293 - Val Loss: 0.4133
Epoch 57/100 - Train Loss: 0.4283 - Val Loss: 0.4138
Epoch 58/100 - Train Loss: 0.4252 - Val Loss: 0.4110
Epoch 59/100 - Train Loss: 0.4233 - Val Loss: 0.4062
Epoch 60/100 - Train Loss: 0.4210 - Val Loss: 0.4065
Epoch 61/100 - Train Loss: 0.4185 - Val Loss: 0.4022
Epoch 62/100 - Train Loss: 0.4161 - Val Loss: 0.4009
Epoch 63/100 - Train Loss: 0.4127 - Val Loss: 0.3974
Epoch 64/100 - Train Loss: 0.4115 - Val Loss: 0.3967
Epoch 65/100 - Train Loss: 0.4106 - Val Loss: 0.3941
Epoch 66/100 - Train Loss: 0.4069 - Val Loss: 0.3967
Epoch 67/100 - Train Loss: 0.4060 - Val Loss: 0.3900
Epoch 68/100 - Train Loss: 0.4056 - Val Loss: 0.3893
Epoch 69/100 - Train Loss: 0.4023 - Val Loss: 0.3878
Epoch 70/100 - Train Loss: 0.4004 - Val Loss: 0.3860
Epoch 71/100 - Train Loss: 0.3982 - Val Loss: 0.3824
Epoch 72/100 - Train Loss: 0.3983 - Val Loss: 0.3821
Epoch 73/100 - Train Loss: 0.3972 - Val Loss: 0.3798
Epoch 74/100 - Train Loss: 0.3971 - Val Loss: 0.3818
Epoch 75/100 - Train Loss: 0.3965 - Val Loss: 0.3797
Epoch 76/100 - Train Loss: 0.3963 - Val Loss: 0.3819
Epoch 77/100 - Train Loss: 0.3951 - Val Loss: 0.3770
Epoch 78/100 - Train Loss: 0.3922 - Val Loss: 0.3759
Epoch 79/100 - Train Loss: 0.3933 - Val Loss: 0.3764
Epoch 80/100 - Train Loss: 0.3932 - Val Loss: 0.3794
Epoch 81/100 - Train Loss: 0.3944 - Val Loss: 0.3747
Epoch 82/100 - Train Loss: 0.3915 - Val Loss: 0.3746
Epoch 83/100 - Train Loss: 0.3911 - Val Loss: 0.3756
Epoch 84/100 - Train Loss: 0.3893 - Val Loss: 0.3725
Epoch 85/100 - Train Loss: 0.3876 - Val Loss: 0.3707
Epoch 86/100 - Train Loss: 0.3870 - Val Loss: 0.3718
Epoch 87/100 - Train Loss: 0.3858 - Val Loss: 0.3673
Epoch 88/100 - Train Loss: 0.3839 - Val Loss: 0.3682
Epoch 89/100 - Train Loss: 0.3825 - Val Loss: 0.3669
Epoch 90/100 - Train Loss: 0.3800 - Val Loss: 0.3658
Epoch 91/100 - Train Loss: 0.3792 - Val Loss: 0.3642
Epoch 92/100 - Train Loss: 0.3781 - Val Loss: 0.3641
Epoch 93/100 - Train Loss: 0.3767 - Val Loss: 0.3647
Epoch 94/100 - Train Loss: 0.3770 - Val Loss: 0.3651
Epoch 95/100 - Train Loss: 0.3799 - Val Loss: 0.3689
Epoch 96/100 - Train Loss: 0.3883 - Val Loss: 0.3685
Epoch 97/100 - Train Loss: 0.3828 - Val Loss: 0.3671
Epoch 98/100 - Train Loss: 0.3803 - Val Loss: 0.3653
Epoch 99/100 - Train Loss: 0.3776 - Val Loss: 0.3614
Epoch 100/100 - Train Loss: 0.3761 - Val Loss: 0.3604
/athena/cayuga_0019/scratch/ssl4003/sequential_drug_combination/pairwise/pairwise/sequential_drug_prediction/hyperparameter_search.py:166: FutureWarning: You are using `torch.load` with `weights_only=False` (the current default value), which uses the default pickle module implicitly. It is possible to construct malicious pickle data which will execute arbitrary code during unpickling (See https://github.com/pytorch/pytorch/blob/main/SECURITY.md#untrusted-models for more details). In a future release, the default value for `weights_only` will be flipped to `True`. This limits the functions that could be executed during unpickling. Arbitrary objects will no longer be allowed to be loaded via this mode unless they are explicitly allowlisted by the user via `torch.serialization.add_safe_globals`. We recommend you start setting `weights_only=True` for any use case where you don't have full control of the loaded file. Please open an issue on GitHub for any issues related to this experimental feature.
  model.load_state_dict(torch.load(model_path, map_location=device))
Mean PCC: 0.6712 ± 0.2012
Median PCC: 0.7262
Mean Spearman: 0.6567 ± 0.2011
Mean R²: 0.3968 ± 0.3486
RMSE: 0.5623
Mean Most Upregulated 20 Genes: 0.4162 ± 0.1849
Mean Most Downregulated 20 Genes: 0.3512 ± 0.1666
[I 2026-04-22 06:11:31,772] Trial 6 finished with value: -0.671216607093811 and parameters: {'learning_rate': 0.006400369183564024, 'trt_structure': 'CA+SA+SA+CA', 'mse_weight': 0.1, 'pcc_weight': 1.0, 'dropout': 0.07080725777960455}. Best is trial 2 with value: -0.6746574640274048.

Completed trials: 5
Pruned trials:    0
Failed trials:    1

Best trial:
  PCC: 0.6747
  learning_rate: 0.006400369183564024
  trt_structure: CA+SA+SA+CA
  mse_weight: 0.1
  pcc_weight: 1.0
  dropout: 0.07080725777960455
Search-only mode: exiting without training folds.
